// Jest Snapshot v1, https://goo.gl/fbAQLP

exports[`VtTransition snapshots default values 1`] = `<div />`;
